******************************************************************************
                  TI ARM Linker PC v18.12.1                    
******************************************************************************
>> Linked Tue Aug  6 13:44:44 2019

OUTPUT FILE NAME:   <ble5_project_zero_cc26x2r1lp_app_FlashROM_Release.out>
ENTRY POINT SYMBOL: "ResetISR"  address: 00011169


MEMORY CONFIGURATION

         name            origin    length      used     unused   attr    fill
----------------------  --------  ---------  --------  --------  ----  --------
  FLASH_IMG_HDR         00000000   00000090  0000008d  00000003  R  X
  ENTRY                 00000090   00000040  0000003c  00000004  R  X
  FLASH                 000000d0   000560d0  0001dbc7  00038509  R  X
  RTOS_SRAM             20000000   0000012c  000000e4  00000048  RW X
  SRAM                  20000fdf   00013021  00003429  0000fbf8  RW X


SEGMENT ALLOCATION MAP

run origin  load origin   length   init length attrs members
----------  ----------- ---------- ----------- ----- -------
00000000    00000000    00019c98   00019c98    r-x
  00000000    00000000    0000008d   0000008d    r-- .image_header
  00000090    00000090    0000003c   0000003c    r-- .resetVecs
  000000d0    000000d0    00015db4   00015db4    r-x .text
  00015e84    00015e84    00001da3   00001da3    r-- .const
  00017c28    00017c28    000000d0   000000d0    r-- .rodata
  00017cf8    00017cf8    00001fa0   00001fa0    r-- .cinit
00048000    00048000    00004000   00000000    rw-
  00048000    00048000    00004000   00000000    rw- .TI.bound:flashBuf$20
20000100    20000100    0000000c   00000000    rw-
  20000100    20000100    00000004   00000000    rw- .data:xdcRomConstPtr
  20000104    20000104    00000004   00000000    rw- .data:xdcRomExternFuncPtr
  20000108    20000108    00000004   00000000    rw- .data:xdcRomStatePtr
20001830    20001830    00000010   00000000    rw-
  20001830    20001830    00000010   00000000    rw- .TI.bound:dmaSpi0RxControlTableEntry
20001840    20001840    00000010   00000000    rw-
  20001840    20001840    00000010   00000000    rw- .TI.bound:dmaSpi0TxControlTableEntry
20001900    20001900    00000010   00000000    rw-
  20001900    20001900    00000010   00000000    rw- .TI.bound:dmaSpi1RxControlTableEntry
20001910    20001910    00000010   00000000    rw-
  20001910    20001910    00000010   00000000    rw- .TI.bound:dmaSpi1TxControlTableEntry
20001a30    20001a30    00000010   00000000    rw-
  20001a30    20001a30    00000010   00000000    rw- .TI.bound:dmaSpi0RxAltControlTableEntry
20001a40    20001a40    00000010   00000000    rw-
  20001a40    20001a40    00000010   00000000    rw- .TI.bound:dmaSpi0TxAltControlTableEntry
20001b00    20001b00    00000010   00000000    rw-
  20001b00    20001b00    00000010   00000000    rw- .TI.bound:dmaSpi1RxAltControlTableEntry
20001b10    20001b10    00002fb9   00000000    rw-
  20001b10    20001b10    00000010   00000000    rw- .TI.bound:dmaSpi1TxAltControlTableEntry
  20001b20    20001b20    00001ebe   00000000    rw- .data
  200039e0    200039e0    000010e9   00000000    rw- .bss
20013c00    20013c00    00000400   00000000    rw-
  20013c00    20013c00    00000400   00000000    rw- .stack


SECTION ALLOCATION MAP

 output                                  attributes/
section   page    origin      length       input sections
--------  ----  ----------  ----------   ----------------
.data:xdcRomConstPtr 
*          0    20000100    00000004     UNINITIALIZED
                  20000100    00000004     ble_release_pem4f.oem4f (.data:xdcRomConstPtr)

.data:xdcRomExternFuncPtr 
*          0    20000104    00000004     UNINITIALIZED
                  20000104    00000004     ble_release_pem4f.oem4f (.data:xdcRomExternFuncPtr)

.data:xdcRomStatePtr 
*          0    20000108    00000004     UNINITIALIZED
                  20000108    00000004     ble_release_pem4f.oem4f (.data:xdcRomStatePtr)

.bootVecs 
*          0    00000000    00000008     DSECT
                  00000000    00000008     boot.aem4f : boot.oem4f (.bootVecs)

.resetVecs 
*          0    00000090    0000003c     
                  00000090    0000003c     ble_release_pem4f.oem4f (.resetVecs)

.vecs      0    20000000    000000d8     NOLOAD SECTION
                  20000000    000000d8     ble_release_pem4f.oem4f (.vecs)

xdc.meta   0    00000000    0000010c     COPY SECTION
                  00000000    0000010c     ble_release_pem4f.oem4f (xdc.meta)

xdc.noload 
*          0    00000000    00000000     COPY SECTION

.image_header 
*          0    00000000    0000008d     
                  00000000    0000008d     oad_image_header_app.obj (.image_header:retain)

.resetVecs 
*          0    00000090    00000000     UNINITIALIZED

.intvecs   0    00000090    00000000     UNINITIALIZED

EntrySection 
*          0    00000090    00000000     UNINITIALIZED

.cinit     0    00017cf8    00001fa0     
                  00017cf8    00001ec6     (.cinit..data.load) [load image]
                  00019bbe    00000002     --HOLE-- [fill = 0]
                  00019bc0    0000000c     (__TI_handler_table)
                  00019bcc    00000004     --HOLE-- [fill = 0]
                  00019bd0    00000008     (.cinit..TI.bound:dmaSpi0RxAltControlTableEntry.load) [load image, compression = zero_init]
                  00019bd8    00000008     (.cinit..TI.bound:dmaSpi0RxControlTableEntry.load) [load image, compression = zero_init]
                  00019be0    00000008     (.cinit..TI.bound:dmaSpi0TxAltControlTableEntry.load) [load image, compression = zero_init]
                  00019be8    00000008     (.cinit..TI.bound:dmaSpi0TxControlTableEntry.load) [load image, compression = zero_init]
                  00019bf0    00000008     (.cinit..TI.bound:dmaSpi1RxAltControlTableEntry.load) [load image, compression = zero_init]
                  00019bf8    00000008     (.cinit..TI.bound:dmaSpi1RxControlTableEntry.load) [load image, compression = zero_init]
                  00019c00    00000008     (.cinit..TI.bound:dmaSpi1TxAltControlTableEntry.load) [load image, compression = zero_init]
                  00019c08    00000008     (.cinit..TI.bound:dmaSpi1TxControlTableEntry.load) [load image, compression = zero_init]
                  00019c10    00000008     (.cinit..bss.load) [load image, compression = zero_init]
                  00019c18    00000008     (.cinit..data:xdcRomConstPtr.load) [load image, compression = lzss]
                  00019c20    00000008     (.cinit..data:xdcRomExternFuncPtr.load) [load image, compression = lzss]
                  00019c28    00000008     (.cinit..data:xdcRomStatePtr.load) [load image, compression = lzss]
                  00019c30    00000068     (__TI_cinit_table)

.TI.bound:flashBuf$20 
*          0    00048000    00004000     UNINITIALIZED
                  00048000    00004000     CC26X2R1_LAUNCHXL.obj (.TI.bound:flashBuf$20)

.TI.bound:dmaSpi0RxControlTableEntry 
*          0    20001830    00000010     UNINITIALIZED
                  20001830    00000010     drivers_cc26x2.aem4f : SPICC26X2DMA.oem4f (.TI.bound:dmaSpi0RxControlTableEntry)

.TI.bound:dmaSpi0TxControlTableEntry 
*          0    20001840    00000010     UNINITIALIZED
                  20001840    00000010     drivers_cc26x2.aem4f : SPICC26X2DMA.oem4f (.TI.bound:dmaSpi0TxControlTableEntry)

.TI.bound:dmaSpi1RxControlTableEntry 
*          0    20001900    00000010     UNINITIALIZED
                  20001900    00000010     drivers_cc26x2.aem4f : SPICC26X2DMA.oem4f (.TI.bound:dmaSpi1RxControlTableEntry)

.TI.bound:dmaSpi1TxControlTableEntry 
*          0    20001910    00000010     UNINITIALIZED
                  20001910    00000010     drivers_cc26x2.aem4f : SPICC26X2DMA.oem4f (.TI.bound:dmaSpi1TxControlTableEntry)

.TI.bound:dmaSpi0RxAltControlTableEntry 
*          0    20001a30    00000010     UNINITIALIZED
                  20001a30    00000010     drivers_cc26x2.aem4f : SPICC26X2DMA.oem4f (.TI.bound:dmaSpi0RxAltControlTableEntry)

.TI.bound:dmaSpi0TxAltControlTableEntry 
*          0    20001a40    00000010     UNINITIALIZED
                  20001a40    00000010     drivers_cc26x2.aem4f : SPICC26X2DMA.oem4f (.TI.bound:dmaSpi0TxAltControlTableEntry)

.TI.bound:dmaSpi1RxAltControlTableEntry 
*          0    20001b00    00000010     UNINITIALIZED
                  20001b00    00000010     drivers_cc26x2.aem4f : SPICC26X2DMA.oem4f (.TI.bound:dmaSpi1RxAltControlTableEntry)

.TI.bound:dmaSpi1TxAltControlTableEntry 
*          0    20001b10    00000010     UNINITIALIZED
                  20001b10    00000010     drivers_cc26x2.aem4f : SPICC26X2DMA.oem4f (.TI.bound:dmaSpi1TxAltControlTableEntry)

.data      0    20001b20    00001ebe     UNINITIALIZED
                  20001b20    00000a60     project_zero.obj (.data:$O1$$)
                  20002580    000005b8     UartLog.obj (.data:$O20$$)
                  20002b38    000001d4     oad.obj (.data:$O15$$)
                  20002d0c    000001d4     devinfoservice.obj (.data:$O17$$)
                  20002ee0    0000010c     ble_release_pem4f.oem4f (.data:ROM_stateStruct)
                  20002fec    00000100     ble5_project_zero_cc26x2r1lp_stack_library.lib : gapbondmgr.obj (.data:$O24$$)
                  200030ec    000000ec     drivers_cc26x2.aem4f : PowerCC26X2.oem4f (.data:PowerCC26X2_module)
                  200031d8    000000ac     data_service.obj (.data:$O5$$)
                  20003284    0000009c     icall.obj (.data:$O11$$)
                  20003320    00000090     profiles_pxxx_coc.a : gapgattserver.o (.data)
                  200033b0    00000084     button_service.obj (.data:$O3$$)
                  20003434    0000007c     ble5_project_zero_cc26x2r1lp_stack_library.lib : osal_cbtimer.obj (.data:$O29$$)
                  200034b0    0000005c     led_service.obj (.data:$O7$$)
                  2000350c    00000050     ll_pxxx.a : ll_config.o (.data)
                  2000355c    0000004c     ble_release_pem4f.oem4f (.data:ti_sysbios_knl_Task_Object__table__V)
                  200035a8    00000048     ble_release_pem4f.oem4f (.data:ti_sysbios_family_arm_cc26xx_Timer_Object__table__V)
                  200035f0    00000040     profiles_pxxx_coc.a : gattservapp.o (.data)
                  20003630    00000038     nvoctp.obj (.data:$O10$$)
                  20003668    00000038     ble_release_pem4f.oem4f (.data:ti_sysbios_gates_GateMutex_Object__table__V)
                  200036a0    00000030     CC26X2R1_LAUNCHXL.obj (.data:gpioPinConfigs)
                  200036d0    00000030     ble_release_pem4f.oem4f (.data:ti_sysbios_knl_Swi_Module_State_0_readyQ__A)
                  20003700    00000030     ble_release_pem4f.oem4f (.data:ti_sysbios_knl_Swi_Object__table__V)
                  20003730    00000030     ble_release_pem4f.oem4f (.data:ti_sysbios_knl_Task_Module_State_0_readyQ__A)
                  20003760    0000002c     ble5_project_zero_cc26x2r1lp_stack_library.lib : osal.obj (.data:$O25$$)
                  2000378c    00000028     icall_user_config.obj (.data:nvintfFncStruct)
                  200037b4    00000020     ble_user_config.obj (.data:eccParams_NISTP256)
                  200037d4    00000020     ble_release_pem4f.oem4f (.data:ti_sysbios_knl_Clock_Object__table__V)
                  200037f4    00000020     ble_release_pem4f.oem4f (.data:xdc_runtime_Error_IgnoreBlock)
                  20003814    00000018     flash_interface_ext_rtos_NVS.obj (.data:$O14$$)
                  2000382c    00000018     ble_release_pem4f.oem4f (.data:ti_sysbios_family_arm_m3_Hwi_Object__table__V)
                  20003844    00000014     ble_user_config.obj (.data:pOverridesCommon)
                  20003858    00000010     icall_user_config.obj (.data:bleAppServiceInfoTable)
                  20003868    00000010     CC26X2R1_LAUNCHXL.obj (.data:gpioCallbackFunctions)
                  20003878    00000010     icall_api_lite.obj (.data)
                  20003888    00000010     ll_pxxx.a : ll.o (.data)
                  20003898    00000010               : ll_data.o (.data)
                  200038a8    00000010     ble_user_config.obj (.data:pOverridesCoded)
                  200038b8    00000010     main.obj (.data:user0Cfg)
                  200038c8    0000000c     ble_user_config.obj (.data:pOverrides1Mbps)
                  200038d4    0000000c     ble_user_config.obj (.data:pOverrides2Mbps)
                  200038e0    0000000c     ble_release_pem4f.oem4f (.data:ti_sysbios_heaps_HeapCallback_Object__table__V)
                  200038ec    00000009     devinfoservice.obj (.data)
                  200038f5    00000002     button_service.obj (.data)
                  200038f7    00000001     drivers_cc26x2.aem4f : AESCCMCC26XX.oem4f (.data)
                  200038f8    00000008     icall_cc2650.obj (.data:$O13$$)
                  20003900    00000008     ble5_project_zero_cc26x2r1lp_stack_library.lib : hal_assert.obj (.data:$O22$$)
                  20003908    00000008                                                    : osal_clock.obj (.data:$O30$$)
                  20003910    00000008     rtsv7M4_T_le_v4SPD16_eabi.lib : _lock.c.obj (.data:$O31$$)
                  20003918    00000008     drivers_cc26x2.aem4f : PINCC26XX.oem4f (.data)
                  20003920    00000008     profiles_pxxx_coc.a : gapgattserver.o (.data)
                  20003928    00000008     ble_release_pem4f.oem4f (.data:ti_sysbios_family_arm_m3_Hwi_Module__root__V)
                  20003930    00000008     ble_release_pem4f.oem4f (.data:ti_sysbios_gates_GateHwi_Module__root__V)
                  20003938    00000008     ble_release_pem4f.oem4f (.data:ti_sysbios_gates_GateMutexPri_Module__root__V)
                  20003940    00000008     ble_release_pem4f.oem4f (.data:ti_sysbios_gates_GateMutex_Module__root__V)
                  20003948    00000008     ble_release_pem4f.oem4f (.data:ti_sysbios_hal_Hwi_Module__root__V)
                  20003950    00000008     ble_release_pem4f.oem4f (.data:ti_sysbios_heaps_HeapCallback_Module__root__V)
                  20003958    00000008     ble_release_pem4f.oem4f (.data:ti_sysbios_heaps_HeapMem_Module__root__V)
                  20003960    00000008     ble_release_pem4f.oem4f (.data:ti_sysbios_knl_Clock_Module__root__V)
                  20003968    00000008     ble_release_pem4f.oem4f (.data:ti_sysbios_knl_Event_Module__root__V)
                  20003970    00000008     ble_release_pem4f.oem4f (.data:ti_sysbios_knl_Mailbox_Module__root__V)
                  20003978    00000008     ble_release_pem4f.oem4f (.data:ti_sysbios_knl_Queue_Module__root__V)
                  20003980    00000008     ble_release_pem4f.oem4f (.data:ti_sysbios_knl_Semaphore_Module__root__V)
                  20003988    00000008     ble_release_pem4f.oem4f (.data:ti_sysbios_knl_Swi_Module__root__V)
                  20003990    00000008     ble_release_pem4f.oem4f (.data:ti_sysbios_knl_Task_Module__root__V)
                  20003998    00000006     ble_user_config.obj (.data)
                  2000399e    00000002     data_service.obj (.data)
                  200039a0    00000005     drivers_cc26x2.aem4f : GPIOCC26XX.oem4f (.data)
                  200039a5    00000002                          : CryptoResourceCC26XX.oem4f (.data)
                  200039a7    00000001                          : AESECBCC26XX.oem4f (.data)
                  200039a8    00000004     ble5_project_zero_cc26x2r1lp_stack_library.lib : gap.obj (.data:$O23$$)
                  200039ac    00000004                                                    : osal_pwrmgr.obj (.data:$O26$$)
                  200039b0    00000004                                                    : ble_user_config.obj (.data)
                  200039b4    00000004                                                    : osal_bufmgr.obj (.data)
                  200039b8    00000004     drivers_cc26x2.aem4f : GPIOCC26XX.oem4f (.data:gpioPinTable)
                  200039bc    00000004     rtsv7M4_T_le_v4SPD16_eabi.lib : stkdepth_vars.c.obj (.data)
                  200039c0    00000004     ble_release_pem4f.oem4f (.data:ti_sysbios_family_arm_m3_Hwi_Module_State_0_excContext__A)
                  200039c4    00000004     ble_release_pem4f.oem4f (.data:ti_sysbios_family_arm_m3_Hwi_Module_State_0_excStack__A)
                  200039c8    00000004     ble_release_pem4f.oem4f (.data:ti_sysbios_knl_Task_Module_State_0_idleTask__A)
                  200039cc    00000002     drivers_cc26x2.aem4f : PKAResourceCC26XX.oem4f (.data)
                  200039ce    00000002     led_service.obj (.data)
                  200039d0    00000002     oad.obj (.data)
                  200039d2    00000002     ble_release_pem4f.oem4f (.data:ti_sysbios_family_arm_m3_Hwi_Module_State_0_excActive__A)
                  200039d4    00000001     drivers_cc26x2.aem4f : ECDHCC26X2.oem4f (.data)
                  200039d5    00000001                          : NVS.oem4f (.data)
                  200039d6    00000001                          : SPI.oem4f (.data)
                  200039d7    00000001                          : TRNGCC26XX.oem4f (.data)
                  200039d8    00000001                          : UART.oem4f (.data)
                  200039d9    00000001     ll_pxxx.a : ll_scheduler.o (.data)
                  200039da    00000001     profiles_pxxx_coc.a : gapgattserver.o (.data)
                  200039db    00000001                         : gapgattserver.o (.data)
                  200039dc    00000001                         : gapgattserver.o (.data)
                  200039dd    00000001                         : gapgattserver.o (.data)

.bss       0    200039e0    000010e9     UNINITIALIZED
                  200039e0    00000300     ble_release_pem4f.oem4f (.bss:taskStackSection)
                  20003ce0    00000258     (.common:uartCC26XXObjects)
                  20003f38    00000200     rf_multiMode_cc26x2.aem4f : RFCC26X2_multiMode.oem4f (.bss:RF_cmdPool)
                  20004138    000001a8     (.common:spiCC26X2DMAObjects)
                  200042e0    00000100     (.common:crcBuf)
                  200043e0    000000d8     (.common:ti_sysbios_family_arm_m3_Hwi_dispatchTable)
                  200044b8    0000007c     (.common:pinHandleTable)
                  20004534    00000004     drivers_cc26x2.aem4f : ECDHCC26X2.oem4f (.bss)
                  20004538    00000068     rf_multiMode_cc26x2.aem4f : RFCC26X2_multiMode.oem4f (.bss:RF_ratModule)
                  200045a0    00000040     CC26X2R1_LAUNCHXL.obj (.bss:verifyBuf$20)
                  200045e0    00000040     (.common:uartCC26XXRingBuffer)
                  20004620    00000034     rf_multiMode_cc26x2.aem4f : RFCC26X2_multiMode.oem4f (.bss:RF_swiFsmObj)
                  20004654    00000034                               : RFCC26X2_multiMode.oem4f (.bss:RF_swiHwObj)
                  20004688    00000034     drivers_cc26x2.aem4f : PINCC26XX.oem4f (.bss:pinSwi)
                  200046bc    00000028     rf_multiMode_cc26x2.aem4f : RFCC26X2_multiMode.oem4f (.bss:RF_Sch)
                  200046e4    00000028     (.common:nvFptrs)
                  2000470c    00000024                               : RFCC26X2_multiMode.oem4f (.bss:RF_clkInactivityObj)
                  20004730    00000024                               : RFCC26X2_multiMode.oem4f (.bss:RF_clkPowerUpObj)
                  20004754    00000024     (.common:trngCC26XXObjects)
                  20004778    00000020                               : RFCC26X2_multiMode.oem4f (.bss:RF_cmdQ)
                  20004798    00000020     drivers_cc26x2.aem4f : GPIOCC26XX.oem4f (.bss:gpioCallbackInfo)
                  200047b8    00000020                          : PINCC26XX.oem4f (.bss:pinGpioConfigTable)
                  200047d8    00000020     (.common:ecdhCC26X2Objects)
                  200047f8    00000020     (.common:udmaObjects)
                  20004818    0000001c     driverlib.lib : osc.obj (.bss:$O32$$)
                  20004834    0000001c     rf_multiMode_cc26x2.aem4f : RFCC26X2_multiMode.oem4f (.bss:RF_hwiCpe0Obj)
                  20004850    0000001c                               : RFCC26X2_multiMode.oem4f (.bss:RF_hwiHwObj)
                  2000486c    0000001c     drivers_cc26x2.aem4f : TRNGCC26XX.oem4f (.bss:TRNGCC26XX_accessSemaphore)
                  20004888    0000001c                          : TRNGCC26XX.oem4f (.bss:TRNGCC26XX_hwi)
                  200048a4    0000001c                          : TRNGCC26XX.oem4f (.bss:TRNGCC26XX_operationSemaphore)
                  200048c0    0000001c                          : PINCC26XX.oem4f (.bss:pinHwi)
                  200048dc    0000001c                          : PINCC26XX.oem4f (.bss:pinSemaphore)
                  200048f8    0000001c     (.common:CryptoResourceCC26XX_accessSemaphore)
                  20004914    0000001c     (.common:CryptoResourceCC26XX_hwi)
                  20004930    0000001c     (.common:CryptoResourceCC26XX_operationSemaphore)
                  2000494c    0000001c     (.common:PKAResourceCC26XX_accessSemaphore)
                  20004968    0000001c     (.common:PKAResourceCC26XX_hwi)
                  20004984    0000001c     (.common:PKAResourceCC26XX_operationSemaphore)
                  200049a0    00000018     profiles_pxxx_coc.a : gapgattserver.o (.bss)
                  200049b8    00000018     (.common:aesccmCC26XXObjects)
                  200049d0    00000018     (.common:aesecbCC26XXObjects)
                  200049e8    00000016     rf_multiMode_cc26x2.aem4f : RFCC26X2_multiMode.oem4f (.bss)
                  200049fe    00000002     ll_pxxx.a : ll_slave_end_causes.o (.bss)
                  20004a00    00000014     rf_multiMode_cc26x2.aem4f : RFCC26X2_multiMode.oem4f (.bss:RF_ratSyncCmd)
                  20004a14    00000014                               : RFCC26X2_multiMode.oem4f (.bss:RF_wakeupNotifyObj)
                  20004a28    00000010                               : RFCC26X2_multiMode.oem4f (.bss:RF_core)
                  20004a38    00000010     drivers_cc26x2.aem4f : NVSSPI25X.oem4f (.bss:spiHandles)
                  20004a48    0000000c     ble5_project_zero_cc26x2r1lp_stack_library.lib : osal_timers.obj (.bss:$O27$$)
                  20004a54    0000000c     drivers_cc26x2.aem4f : NVSCC26XX.oem4f (.bss)
                  20004a60    0000000c                          : NVSSPI25X.oem4f (.bss)
                  20004a6c    0000000c                          : GPIOCC26XX.oem4f (.bss:gpioPinState)
                  20004a78    0000000c     ll_pxxx.a : ll_scheduler.o (.bss)
                  20004a84    0000000c     (.common:nvsSPI25XObjects)
                  20004a90    00000008     drivers_cc26x2.aem4f : GPIOCC26XX.oem4f (.bss)
                  20004a98    00000004                          : PINCC26XX.oem4f (.bss)
                  20004a9c    00000004     ll_pxxx.a : ll.o (.bss)
                  20004aa0    00000004     profiles_pxxx_coc.a : gapgattserver.o (.bss)
                  20004aa4    00000004     drivers_cc26x2.aem4f : NVSSPI25X.oem4f (.bss:spiHandleUsers)
                  20004aa8    00000004     (.common:ClockP_tickPeriod)
                  20004aac    00000004     (.common:PowerCC26XX_swiKey)
                  20004ab0    00000004     (.common:PowerCC26XX_taskKey)
                  20004ab4    00000004     (.common:nvsCC26xxObjects)
                  20004ab8    00000004     (.common:tasksEvents)
                  20004abc    00000002     profiles_pxxx_coc.a : gapgattserver.o (.bss)
                  20004abe    00000001     hci_tl_none.a : hci_tl.o (.bss)
                  20004abf    00000001                   : hci_tl.o (.bss)
                  20004ac0    00000001                   : hci_tl.o (.bss)
                  20004ac1    00000001                   : hci_tl.o (.bss)
                  20004ac2    00000001                   : hci_tl.o (.bss)
                  20004ac3    00000001     ll_pxxx.a : ll.o (.bss)
                  20004ac4    00000001               : ll_config.o (.bss)
                  20004ac5    00000001               : ll_config.o (.bss)
                  20004ac6    00000001     profiles_pxxx_coc.a : gapgattserver.o (.bss)
                  20004ac7    00000001     (.common:driverlib_release_0_54539)
                  20004ac8    00000001     (.common:icall_liteTaskId)

.vtable    0    20004ac9    00000000     UNINITIALIZED

.vtable_ram 
*          0    20004ac9    00000000     UNINITIALIZED

vtable_ram 
*          0    20004ac9    00000000     UNINITIALIZED

.sysmem    0    20004ac9    00000000     UNINITIALIZED

.nonretenvar 
*          0    20004ac9    00000000     UNINITIALIZED

.stack     0    20013c00    00000400     UNINITIALIZED
                  20013c00    00000400     --HOLE--

.text      0    000000d0    00015db4     
                  000000d0    00000d00     project_zero.obj (.text:ProjectZero_taskFxn$0)
                  00000dd0    00000700     project_zero.obj (.text:ProjectZero_init$0)
                  000014d0    000006c7     project_zero.obj (.text:ProjectZero_bootManagerCheck$0)
                  00001b97    00000001     --HOLE-- [fill = 0]
                  00001b98    000005d8     ble5_project_zero_cc26x2r1lp_stack_library.lib : gapbondmgr.obj (.text:GAPBondMgr_ProcessEvent)
                  00002170    000004e0     ll_pxxx.a : ll_slave_end_causes.o (.text)
                  00002650    00000494     ble5_project_zero_cc26x2r1lp_stack_library.lib : icall_startup.obj (.text:startup_entry)
                  00002ae4    0000045c     project_zero.obj (.text:ProjectZero_processGapMessage$0)
                  00002f40    000003f4     oad.obj (.text:oadProcessExtControlCmd$15)
                  00003334    000003f0     rf_multiMode_cc26x2.aem4f : RFCC26X2_multiMode.oem4f (.text:RF_fsmActiveState)
                  00003724    00000398     ll_pxxx.a : ll.o (.text)
                  00003abc    0000032c               : ll_isr.o (.text)
                  00003de8    000002f8               : ll_isr.o (.text)
                  000040e0    000002ec     drivers_cc26x2.aem4f : SPICC26X2DMA.oem4f (.text:SPICC26X2DMA_transfer)
                  000043cc    0000029c     data_service.obj (.text:Data_Service_WriteAttrCB$3)
                  00004668    0000025c     drivers_cc26x2.aem4f : SPICC26X2DMA.oem4f (.text:SPICC26X2DMA_hwiFxn)
                  000048c4    0000025c     oad.obj (.text:oadImgBlockWrite$15)
                  00004b20    00000258     ll_pxxx.a : ll_ae.o (.text)
                  00004d78    00000254               : ble.o (.text)
                  00004fcc    00000234     oad.obj (.text:oadImgIdentifyWrite$15)
                  00005200    00000230     ll_pxxx.a : ll.o (.text)
                  00005430    00000230               : ll_scheduler.o (.text)
                  00005660    00000210     data_service.obj (.text:DataService_SetParameter)
                  00005870    00000210     ll_pxxx.a : ll_common.o (.text)
                  00005a80    00000208               : ll_isr.o (.text)
                  00005c88    00000204     button_service.obj (.text:ButtonService_SetParameter)
                  00005e8c    00000204     profiles_pxxx_coc.a : gattservapp.o (.text)
                  00006090    00000200     ble5_project_zero_cc26x2r1lp_stack_library.lib : gapbondmgr.obj (.text:GAPBondMgr_SetParameter)
                  00006290    00000200     ll_pxxx.a : ll_scheduler.o (.text)
                  00006490    000001fe     main.obj (.text:AssertHandler)
                  0000668e    00000002     ble_user_config.obj (.text:DefaultAssertCback)
                  00006690    000001d8     led_service.obj (.text:LED_Service_WriteAttrCB$4)
                  00006868    000001d0     ble5_project_zero_cc26x2r1lp_stack_library.lib : gapbondmgr.obj (.text:gapBondMgrAddBond$31)
                  00006a38    000001c0     drivers_cc26x2.aem4f : PINCC26XX.oem4f (.text:PIN_init)
                  00006bf8    000001bc                          : ECDHCC26X2.oem4f (.text:ECDHCC26X2_runFSM)
                  00006db4    000001bc     UartLog.obj (.text:uartLog_flush)
                  00006f70    000001b8     ble5_project_zero_cc26x2r1lp_stack_library.lib : gap.obj (.text:GAP_DeviceInit)
                  00007128    000001b0     rf_multiMode_cc26x2.aem4f : RFCC26X2_multiMode.oem4f (.text:RF_scheduleCmd)
                  000072d8    000001ac     drivers_cc26x2.aem4f : PowerCC26X2.oem4f (.text:Power_sleep)
                  00007484    000001a8     ll_pxxx.a : ll_data.o (.text)
                  0000762c    000001a4               : ll_isr.o (.text)
                  000077d0    00000190     drivers_cc26x2.aem4f : PowerCC26X2_calibrateRCOSC.oem4f (.text:calibrateRcoscHf1)
                  00007960    00000190     icall.obj (.text:icall_directAPI)
                  00007af0    00000190     ll_pxxx.a : ll.o (.text)
                  00007c80    0000018c     drivers_cc26x2.aem4f : PowerCC26X2_calibrateRCOSC.oem4f (.text:runCalibrateFsm)
                  00007e0c    00000178     profiles_pxxx_coc.a : gattservapp.o (.text)
                  00007f84    00000174     drivers_cc26x2.aem4f : SPICC26X2DMA.oem4f (.text:configNextTransfer)
                  000080f8    00000170     rf_multiMode_cc26x2.aem4f : RFCC26X2_multiMode.oem4f (.text:RF_getInfo)
                  00008268    00000170     drivers_cc26x2.aem4f : SPICC26X2DMA.oem4f (.text:SPICC26X2DMA_transferCancel)
                  000083d8    00000168     nvoctp.obj (.text:NVOCTP_newItem$7)
                  00008540    00000168     drivers_cc26x2.aem4f : NVSSPI25X.oem4f (.text:NVSSPI25X_write)
                  000086a8    00000164                          : UARTCC26XX.oem4f (.text:UARTCC26XX_open)
                  0000880c    00000160     button_service.obj (.text:Button_Service_ReadAttrCB$2)
                  0000896c    0000015c     crc32.obj (.text:CRC32_calc)
                  00008ac8    0000015c     data_service.obj (.text:Data_Service_ReadAttrCB$3)
                  00008c24    0000015c     led_service.obj (.text:LED_Service_ReadAttrCB$4)
                  00008d80    00000154     rf_multiMode_cc26x2.aem4f : RFCC26X2_multiMode.oem4f (.text:RF_dispatchNextCmd)
                  00008ed4    00000154                               : RFCC26X2_multiMode.oem4f (.text:RF_fsmSetupState)
                  00009028    00000154     drivers_cc26x2.aem4f : UARTCC26XX.oem4f (.text:UARTCC26XX_hwiIntFxn)
                  0000917c    00000154     ble5_project_zero_cc26x2r1lp_stack_library.lib : gapbondmgr.obj (.text:gapBondMgrAuthenticate$31)
                  000092d0    00000150     drivers_cc26x2.aem4f : PowerCC26X2.oem4f (.text:Power_init)
                  00009420    00000150                          : SPICC26X2DMA.oem4f (.text:SPICC26X2DMA_open)
                  00009570    00000144     button_service.obj (.text:Button_Service_WriteAttrCB$2)
                  000096b4    00000140     nvoctp.obj (.text:NVOCTP_initNvApi$7)
                  000097f4    00000140     drivers_cc26x2.aem4f : SPICC26X2DMA.oem4f (.text:initIO)
                  00009934    00000140     ll_pxxx.a : ll_isr.o (.text)
                  00009a74    0000013a     drivers_cc26x2.aem4f : UARTCC26XX.oem4f (.text:UARTCC26XX_read)
                  00009bae    00000002     driverlib.lib : rfc.obj (.text:NOROM_RFCCpePatchReset)
                  00009bb0    00000138     led_service.obj (.text:LedService_SetParameter)
                  00009ce8    00000138     drivers_cc26x2.aem4f : NVSCC26XX.oem4f (.text:NVSCC26XX_write)
                  00009e20    00000138     project_zero.obj (.text:ProjectZero_handleUpdateLinkEvent$0)
                  00009f58    00000134     nvoctp.obj (.text:NVOCTP_compactPage$7)
                  0000a08c    00000130     drivers_cc26x2.aem4f : AESCCMCC26XX.oem4f (.text:AESCCM_startOperation)
                  0000a1bc    0000012c     rf_multiMode_cc26x2.aem4f : RFCC26X2_multiMode.oem4f (.text:RF_abortCmd)
                  0000a2e8    0000012c                               : RFCC26X2_multiMode.oem4f (.text:RF_init)
                  0000a414    00000124     ll_pxxx.a : ll_scheduler.o (.text)
                  0000a538    00000118     rf_multiMode_cc26x2.aem4f : RFCC26X2_multiMode.oem4f (.text:RF_decodeOverridePointers)
                  0000a650    00000114     sm_pxxx_coc.a : sm_rsppairing.o (.text)
                  0000a764    00000110     drivers_cc26x2.aem4f : GPIOCC26XX.oem4f (.text:GPIO_setConfig)
                  0000a874    00000108     rf_multiMode_cc26x2.aem4f : RFCC26X2_multiMode.oem4f (.text:RF_fsmPowerUpState)
                  0000a97c    00000108     ll_pxxx.a : ll_common.o (.text)
                  0000aa84    000000fc     rtsv7M4_T_le_v4SPD16_eabi.lib : fd_mul_t2.asm.obj (.text)
                  0000ab80    000000f8     drivers_cc26x2.aem4f : AESECBCC26XX.oem4f (.text:AESECB_startOperation)
                  0000ac78    000000f8                          : NVSSPI25X.oem4f (.text:NVSSPI25X_open)
                  0000ad70    000000f8                          : PINCC26XX.oem4f (.text:PINCC26XX_setIoCfg)
                  0000ae68    000000f8     profiles_pxxx_coc.a : gattservapp.o (.text)
                  0000af60    000000f8     ble_release_pem4f.oem4f (.text:xdc_runtime_System_printfExtend__I)
                  0000b058    000000f4     driverlib.lib : sys_ctrl.obj (.text:NOROM_SysCtrlStandby)
                  0000b14c    000000f4     drivers_cc26x2.aem4f : SPICC26X2DMA.oem4f (.text:SPICC26X2DMA_control)
                  0000b240    000000f4     UartLog.obj (.text:UartLog_log)
                  0000b334    000000f2     ble5_project_zero_cc26x2r1lp_stack_library.lib : gapbondmgr.obj (.text:gapBondMgrEraseBonding$31)
                  0000b426    00000002     drivers_cc26x2.aem4f : NVSSPI25X.oem4f (.text:NVSSPI25X_deinitSpiCs)
                  0000b428    000000f0     rf_multiMode_cc26x2.aem4f : RFCC26X2_multiMode.oem4f (.text:RF_open)
                  0000b518    000000e8     ble5_project_zero_cc26x2r1lp_stack_library.lib : osal_timers.obj (.text:osalTimerUpdate)
                  0000b600    000000e0     drivers_cc26x2.aem4f : UARTCC26XX.oem4f (.text:UARTCC26XX_write)
                  0000b6e0    000000de     profiles_pxxx_coc.a : gapgattserver.o (.text)
                  0000b7be    00000002     ble5_project_zero_cc26x2r1lp_stack_library.lib : onboard.obj (.text:Onboard_soft_reset)
                  0000b7c0    000000dc                                                    : gapbondmgr.obj (.text:gapBondMgr_LinkEst$31)
                  0000b89c    000000da     rf_multiMode_cc26x2.aem4f : RFCC26X2_multiMode.oem4f (.text:RF_updatePaConfiguration)
                  0000b976    00000002                               : RFCC26X2_multiMode.oem4f (.text:RF_defaultCallback)
                  0000b978    000000d8     driverlib.lib : setup.obj (.text:TrimAfterColdResetWakeupFromShutDown$27)
                  0000ba50    000000d4     nvoctp.obj (.text:NVOCTP_readHeader$7)
                  0000bb24    000000d4     rf_multiMode_cc26x2.aem4f : RFCC26X2_multiMode.oem4f (.text:RF_control)
                  0000bbf8    000000d4                               : RFCC26X2_multiMode.oem4f (.text:RF_initRadioSetup)
                  0000bccc    000000d4                               : RFCC26X2_multiMode.oem4f (.text:RF_pendCmd)
                  0000bda0    000000d4                               : RFCC26X2_multiMode.oem4f (.text:RF_swiHw)
                  0000be74    000000cc                               : RFCC26X2_multiMode.oem4f (.text:RF_hwiCpe0Active)
                  0000bf40    000000c8     drivers_cc26x2.aem4f : PowerCC26X2.oem4f (.text:Power_releaseDependency)
                  0000c008    000000c8     ll_pxxx.a : ll_scheduler.o (.text)
                  0000c0d0    000000c4     drivers_cc26x2.aem4f : GPIOCC26XX.oem4f (.text:GPIO_init)
                  0000c194    000000c4                          : PowerCC26X2.oem4f (.text:Power_setDependency)
                  0000c258    000000c4     oad.obj (.text:oadCreateFactoryImageBackup)
                  0000c31c    000000c4     oad.obj (.text:oadWriteAttrCB$15)
                  0000c3e0    000000c4     profiles_pxxx_coc.a : gapgattserver.o (.text)
                  0000c4a4    000000c0     drivers_cc26x2.aem4f : UARTCC26XX.oem4f (.text:UARTCC26XX_initIO)
                  0000c564    000000c0     ll_pxxx.a : ll_data.o (.text)
                  0000c624    000000c0     ble5_project_zero_cc26x2r1lp_stack_library.lib : osal.obj (.text:osal_set_event)
                  0000c6e4    000000bc     project_zero.obj (.text:ProjectZero_DataService_ValueChangeCB$0)
                  0000c7a0    000000bc     hci_pxxx.a : hci_event.o (.text)
                  0000c85c    000000bc     main.obj (.text:main)
                  0000c918    000000bb     project_zero.obj (.text:ProjectZero_LedService_ValueChangeCB$0)
                  0000c9d3    00000001     --HOLE-- [fill = 0]
                  0000c9d4    000000b8     rf_multiMode_cc26x2.aem4f : RFCC26X2_multiMode.oem4f (.text:RF_corePowerDown)
                  0000ca8c    000000b8     drivers_cc26x2.aem4f : UARTCC26XX.oem4f (.text:UARTCC26XX_initHw)
                  0000cb44    000000b8                          : NVSSPI25X.oem4f (.text:doErase)
                  0000cbfc    000000b4     dpl_cc26x2.aem4f : PowerCC26X2_tirtos.oem4f (.text:PowerCC26XX_standbyPolicy)
                  0000ccb0    000000b4     ll_pxxx.a : ll_scheduler.o (.text)
                  0000cd64    000000b0     nvoctp.obj (.text:NVOCTP_findItem$7)
                  0000ce14    000000b0     project_zero.obj (.text:ProjectZero_ButtonService_CfgChangeCB$0)
                  0000cec4    000000b0     devinfoservice.obj (.text:devInfo_ReadAttrCB$17)
                  0000cf74    000000ae     project_zero.obj (.text:ProjectZero_DataService_CfgChangeCB$0)
                  0000d022    00000002     rtsv7M4_T_le_v4SPD16_eabi.lib : _lock.c.obj (.text:_nop)
                  0000d024    000000ac     drivers_cc26x2.aem4f : ECDHCC26X2.oem4f (.text:ECDHCC26X2_hwiFxn)
                  0000d0d0    000000ac                          : PINCC26XX.oem4f (.text:PIN_open)
                  0000d17c    000000a8     gattservapp_util.obj (.text:GATTServApp_ProcessCharCfg)
                  0000d224    000000a8     driverlib.lib : setup.obj (.text:NOROM_SetupTrimDevice)
                  0000d2cc    000000a8     hci_pxxx.a : hci_data.o (.text)
                  0000d374    000000a4     nvoctp.obj (.text:NVOCTP_checkItem$7)
                  0000d418    000000a4     ble5_project_zero_cc26x2r1lp_stack_library.lib : osal.obj (.text:osal_msg_enqueue_push$32)
                  0000d4bc    000000a0     project_zero.obj (.text:ProjectZero_updatePHYStat$0)
                  0000d55c    000000a0     auto_init.aem4f : auto_init.oem4f (.text)
                  0000d5fc    000000a0     rom_sysbios.aem4f : rom_sysbios.obj (.text:ti_sysbios_knl_Task_setPri__E)
                  0000d69c    0000009e     ble5_project_zero_cc26x2r1lp_stack_library.lib : gapbondmgr.obj (.text:gapBondMgrUpdateCharCfg$31)
                  0000d73a    00000002     drivers_cc26x2.aem4f : PowerCC26X2.oem4f (.text:emptyClockFunc)
                  0000d73c    0000009c     project_zero.obj (.text:buttonCallbackFxn$0)
                  0000d7d8    0000009c     ble5_project_zero_cc26x2r1lp_stack_library.lib : osal_cbtimer.obj (.text:cbTimerSetup$45)
                  0000d874    0000009c                                                    : osal_cbtimer.obj (.text:osal_CbTimerProcessEvent)
                  0000d910    0000009c     rtsv7M4_T_le_v4SPD16_eabi.lib : memcpy_t2.asm.obj (.text)
                  0000d9ac    00000098     rf_multiMode_cc26x2.aem4f : RFCC26X2_multiMode.oem4f (.text:RF_radioOpDoneCb)
                  0000da44    00000098     oad.obj (.text:oadFindExtFlMetaPage$15)
                  0000dadc    00000098     ble5_project_zero_cc26x2r1lp_stack_library.lib : osal_timers.obj (.text:osal_timer_refTimeUpdate)
                  0000db74    00000098     drivers_cc26x2.aem4f : UARTCC26XX.oem4f (.text:writeTxFifoFlush)
                  0000dc0c    00000096     rtsv7M4_T_le_v4SPD16_eabi.lib : ull_div_t2.asm.obj (.text)
                  0000dca2    00000002     drivers_cc26x2.aem4f : CryptoResourceCC26XX.oem4f (.text:errorSpin)
                  0000dca4    00000094     ble5_project_zero_cc26x2r1lp_stack_library.lib : gapbondmgr.obj (.text:GAPBondMgr_FindAddr)
                  0000dd38    00000094     icall.obj (.text:ICall_setTimer)
                  0000ddcc    00000094     project_zero.obj (.text:ProjectZero_sendParamUpdate$0)
                  0000de60    00000094     rf_multiMode_cc26x2.aem4f : RFCC26X2_multiMode.oem4f (.text:RF_discardPendCmd)
                  0000def4    00000094     ble5_project_zero_cc26x2r1lp_stack_library.lib : gapbondmgr.obj (.text:gapBondMgr_syncResolvingList)
                  0000df88    00000094     gatt_pxxx_coc.a : gatt_server.o (.text)
                  0000e01c    00000092     drivers_cc26x2.aem4f : UARTCC26XX.oem4f (.text:UARTCC26XX_writeCancel)
                  0000e0ae    00000002                          : PKAResourceCC26XX.oem4f (.text:errorSpin)
                  0000e0b0    00000090     CC26X2R1_LAUNCHXL_fxns.obj (.text:CC26X2R1_LAUNCHXL_shutDownExtFlash)
                  0000e140    00000090     drivers_cc26x2.aem4f : TRNGCC26XX.oem4f (.text:TRNG_generateEntropy)
                  0000e1d0    00000090     project_zero.obj (.text:buttonDebounceSwiFxn$0)
                  0000e260    00000090     ble5_project_zero_cc26x2r1lp_stack_library.lib : osal.obj (.text:osal_msg_receive)
                  0000e2f0    00000090     project_zero.obj (.text:util_arrtohex$0)
                  0000e380    0000008c     icall.obj (.text:ICall_heapMalloc)
                  0000e40c    0000008c     gattservapp_util.obj (.text:gattServApp_SendNotiInd$19)
                  0000e498    0000008c     ll_pxxx.a : ll_scheduler.o (.text)
                  0000e524    0000008c     rom_sysbios.aem4f : rom_sysbios.obj (.text:ti_sysbios_gates_GateMutexPri_enter__E)
                  0000e5b0    00000088     driverlib.lib : osc.obj (.text:NOROM_OSCHF_AttemptToSwitchToXosc)
                  0000e638    00000088     rf_multiMode_cc26x2.aem4f : RFCC26X2_multiMode.oem4f (.text:RF_cmdDispatchTime)
                  0000e6c0    00000088                               : RFCC26X2_multiMode.oem4f (.text:RF_ratFreeChannel)
                  0000e748    00000088     drivers_cc26x2.aem4f : PowerCC26X2_calibrateRCOSC.oem4f (.text:calibrateRcoscHf2)
                  0000e7d0    00000088                          : PowerCC26X2.oem4f (.text:disableLFClockQualifiers)
                  0000e858    00000088     profiles_pxxx_coc.a : gattservapp.o (.text)
                  0000e8e0    00000088     drivers_cc26x2.aem4f : PowerCC26X2_calibrateRCOSC.oem4f (.text:updateSubSecInc)
                  0000e968    00000084                          : NVSSPI25X.oem4f (.text:NVSSPI25X_close)
                  0000e9ec    00000084                          : UARTCC26XX.oem4f (.text:UARTCC26XX_close)
                  0000ea70    00000084     oad.obj (.text:oadSendNotification$15)
                  0000eaf4    00000080     drivers_cc26x2.aem4f : ECDHCC26X2.oem4f (.text:ECDH_computeSharedSecret)
                  0000eb74    00000080     nvoctp.obj (.text:NVOCTP_writeItemApi$7)
                  0000ebf4    00000080     drivers_cc26x2.aem4f : NVSCC26XX.oem4f (.text:NVSCC26XX_open)
                  0000ec74    00000080     rom_sysbios.aem4f : rom_sysbios.obj (.text:ti_sysbios_family_arm_cc26xx_Timer_start__E)
                  0000ecf4    0000007e     rf_multiMode_cc26x2.aem4f : RFCC26X2_multiMode.oem4f (.text:RF_verifyGap)
                  0000ed72    00000002     drivers_cc26x2.aem4f : TRNGCC26XX.oem4f (.text:errorSpin)
                  0000ed74    0000007c                          : PowerCC26X2.oem4f (.text:configureXOSCHF)
                  0000edf0    0000007c                          : NVSSPI25X.oem4f (.text:doRead)
                  0000ee6c    0000007c     oad.obj (.text:oadResetState$15)
                  0000eee8    0000007c     ble5_project_zero_cc26x2r1lp_stack_library.lib : osal.obj (.text:osal_event_send$32)
                  0000ef64    0000007a     rtsv7M4_T_le_v4SPD16_eabi.lib : memset_t2.asm.obj (.text)
                  0000efde    00000002     ble5_project_zero_cc26x2r1lp_stack_library.lib : hal_assert.obj (.text:halAssertHandler)
                  0000efe0    00000078     drivers_cc26x2.aem4f : ECDHCC26X2.oem4f (.text:ECDH_generatePublicKey)
                  0000f058    00000078     icall.obj (.text:ICall_heapInit)
                  0000f0d0    00000078     rf_multiMode_cc26x2.aem4f : RFCC26X2_multiMode.oem4f (.text:RF_issueRadioFreeCb)
                  0000f148    00000078                               : RFCC26X2_multiMode.oem4f (.text:RF_ratDispatchTime)
                  0000f1c0    00000078     drivers_cc26x2.aem4f : NVSSPI25X.oem4f (.text:doWriteVerify)
                  0000f238    00000078     profiles_pxxx_coc.a : gattservapp.o (.text)
                  0000f2b0    00000074     drivers_cc26x2.aem4f : PowerCC26X2_calibrateRCOSC.oem4f (.text:PowerCC26X2_auxISR)
                  0000f324    00000074     rf_multiMode_cc26x2.aem4f : RFCC26X2_multiMode.oem4f (.text:RF_setInactivityTimeout)
                  0000f398    00000074     rom_sysbios.aem4f : rom_sysbios.obj (.text:ti_sysbios_gates_GateMutexPri_leave__E)
                  0000f40c    00000072     rf_multiMode_cc26x2.aem4f : RFCC26X2_multiMode.oem4f (.text:RF_detachOverrides)
                  0000f47e    00000072     drivers_cc26x2.aem4f : SPICC26X2DMA.oem4f (.text:csnCallback)
                  0000f4f0    00000070     icall.obj (.text:ICall_heapGetStats)
                  0000f560    00000070     driverlib.lib : rfc.obj (.text:NOROM_RFCAnaDivTxOverride)
                  0000f5d0    00000070     drivers_cc26x2.aem4f : PINCC26XX.oem4f (.text:PIN_add)
                  0000f640    00000070     rf_multiMode_cc26x2.aem4f : RFCC26X2_multiMode.oem4f (.text:RF_hwiHw)
                  0000f6b0    00000070     ble5_project_zero_cc26x2r1lp_stack_library.lib : ble_dispatch_lite.obj (.text:ble_dispatch_liteProcess)
                  0000f720    00000070                                                    : gapbondmgr.obj (.text:gapBondMgrBondReq$31)
                  0000f790    00000070     gatt_pxxx_coc.a : gatt_server.o (.text)
                  0000f800    0000006e     rf_multiMode_cc26x2.aem4f : RFCC26X2_multiMode.oem4f (.text:RF_attachOverrides)
                  0000f86e    0000006e     gatt_pxxx_coc.a : gatt_server.o (.text)
                  0000f8dc    0000006e     ll_pxxx.a : ll_common.o (.text)
                  0000f94a    0000006e     rtsv7M4_T_le_v4SPD16_eabi.lib : ll_div_t2.asm.obj (.text)
                  0000f9b8    0000006d     rom_sysbios.aem4f : rom_sysbios.obj (.text:xdc_runtime_System_formatNum__I)
                  0000fa25    00000001     --HOLE-- [fill = 0]
                  0000fa26    0000006c     rf_multiMode_cc26x2.aem4f : RFCC26X2_multiMode.oem4f (.text:RF_howToSchedule)
                  0000fa92    00000002     ble5_project_zero_cc26x2r1lp_stack_library.lib : hal_assert.obj (.text:halAssertSpinlock)
                  0000fa94    0000006c     ll_pxxx.a : ll_scheduler.o (.text)
                  0000fb00    0000006c     oad.obj (.text:oadCheckDL$15)
                  0000fb6c    0000006c     oad.obj (.text:oadFindCurrentImageHdr$15)
                  0000fbd8    0000006a     ble5_project_zero_cc26x2r1lp_stack_library.lib : gapbondmgr.obj (.text:gapBondMgrEraseLocalInfo$31)
                  0000fc42    00000002     icall_api_lite.obj (.text:rfErrCb)
                  0000fc44    00000068     ble5_project_zero_cc26x2r1lp_stack_library.lib : gapbondmgr.obj (.text:GAPBondMgr_ServiceChangeInd)
                  0000fcac    00000068     icall.obj (.text:ICall_sendServiceComplete)
                  0000fd14    00000068     rf_multiMode_cc26x2.aem4f : RFCC26X2_multiMode.oem4f (.text:RF_getCurrentTime)
                  0000fd7c    00000068                               : RFCC26X2_multiMode.oem4f (.text:RF_ratDisableChannel)
                  0000fde4    00000068                               : RFCC26X2_multiMode.oem4f (.text:RF_ratSetupChannel)
                  0000fe4c    00000068     drivers_cc26x2.aem4f : TRNGCC26XX.oem4f (.text:TRNGCC26XX_basicHwiFxn)
                  0000feb4    00000068     rtsv7M4_T_le_v4SPD16_eabi.lib : copy_decompress_lzss.c.obj (.text:decompress:lzss:__TI_decompress_lzss)
                  0000ff1c    00000068     ll_pxxx.a : ll_isr.o (.text)
                  0000ff84    00000068     ble5_project_zero_cc26x2r1lp_stack_library.lib : osal_cbtimer.obj (.text:osal_CbTimerUpdate)
                  0000ffec    00000068     profiles_pxxx_coc.a : gattservapp.o (.text)
                  00010054    00000066     rf_multiMode_cc26x2.aem4f : RFCC26X2_multiMode.oem4f (.text:RF_syncCb)
                  000100ba    00000002     rtsv7M4_T_le_v4SPD16_eabi.lib : div0.asm.obj (.text)
                  000100bc    00000064     drivers_cc26x2.aem4f : AESCCMCC26XX.oem4f (.text:AESCCM_waitForResult)
                  00010120    00000064     driverlib.lib : osc.obj (.text:NOROM_OSCHF_SwitchToRcOscTurnOffXosc)
                  00010184    00000064                   : osc.obj (.text:NOROM_OSC_HPOSCRtcCompensate)
                  000101e8    00000064     rf_multiMode_cc26x2.aem4f : RFCC26X2_multiMode.oem4f (.text:RF_updateHpOscOverride)
                  0001024c    00000064     drivers_cc26x2.aem4f : TRNGCC26XX.oem4f (.text:TRNGCC26XX_construct)
                  000102b0    00000064                          : UARTCC26XX.oem4f (.text:UARTCC26XX_control)
                  00010314    00000064     profiles_pxxx_coc.a : gapgattserver.o (.text)
                  00010378    00000064                         : gattservapp.o (.text)
                  000103dc    00000062     gattservapp_util.obj (.text:GATTServApp_ProcessCCCWriteReq)
                  0001043e    00000062     drivers_cc26x2.aem4f : UARTCC26XX.oem4f (.text:UARTCC26XX_swiIntFxn)
                  000104a0    00000060                          : AESCCMCC26XX.oem4f (.text:AESCCM_hwiFxn)
                  00010500    00000060                          : AESECBCC26XX.oem4f (.text:AESECB_hwiFxn)
                  00010560    00000060                          : AESECBCC26XX.oem4f (.text:AESECB_waitForResult)
                  000105c0    00000060                          : CryptoResourceCC26XX.oem4f (.text:CryptoResourceCC26XX_constructRTOSObjects)
                  00010620    00000060                          : ECDHCC26X2.oem4f (.text:ECDH_open)
                  00010680    00000060                          : GPIOCC26XX.oem4f (.text:GPIO_write)
                  000106e0    00000060     icall.obj (.text:ICall_createRemoteTasksAtRuntime)
                  00010740    00000060     icall.obj (.text:ICall_enrollService)
                  000107a0    00000060     icall.obj (.text:ICall_send)
                  00010800    00000060     nvoctp.obj (.text:NVOCTP_copyItem$7)
                  00010860    00000060     nvoctp.obj (.text:NVOCTP_readItemApi$7)
                  000108c0    00000060     drivers_cc26x2.aem4f : PKAResourceCC26XX.oem4f (.text:PKAResourceCC26XX_constructRTOSObjects)
                  00010920    00000060     rf_multiMode_cc26x2.aem4f : RFCC26X2_multiMode.oem4f (.text:RF_applyRfCorePatch)
                  00010980    00000060                               : RFCC26X2_multiMode.oem4f (.text:RF_dispatchNextEvent)
                  000109e0    00000060                               : RFCC26X2_multiMode.oem4f (.text:RF_ratAllocChannel)
                  00010a40    00000060                               : RFCC26X2_multiMode.oem4f (.text:RF_ratArmChannel)
                  00010aa0    0000005e     icall.obj (.text:ICall_fetchMsg)
                  00010afe    0000005e     ll_pxxx.a : ll_isr.o (.text)
                  00010b5c    0000005c     drivers_cc26x2.aem4f : AESCCMCC26XX.oem4f (.text:AESCCM_cleanup)
                  00010bb8    0000005c                          : AESCCMCC26XX.oem4f (.text:AESCCM_open)
                  00010c14    0000005c                          : AESECBCC26XX.oem4f (.text:AESECB_open)
                  00010c70    0000005c     icall.obj (.text:ICall_pwrUpdActivityCounter)
                  00010ccc    0000005c     nvoctp.obj (.text:NVOCTP_readItem$7)
                  00010d28    0000005c     drivers_cc26x2.aem4f : PINCC26XX.oem4f (.text:PIN_remove)
                  00010d84    0000005c     rf_multiMode_cc26x2.aem4f : RFCC26X2_multiMode.oem4f (.text:RF_fsmXOSCState)
                  00010de0    0000005c                               : RFCC26X2_multiMode.oem4f (.text:RF_hwiCpe0PowerFsm)
                  00010e3c    0000005c     drivers_cc26x2.aem4f : NVSCC26XX.oem4f (.text:doErase)
                  00010e98    0000005c                          : SPICC26X2DMA.oem4f (.text:initHw)
                  00010ef4    0000005c     ll_pxxx.a : ll_scheduler.o (.text)
                  00010f50    0000005c     profiles_pxxx_coc.a : gattservapp.o (.text)
                  00010fac    0000005c     ble_release_pem4f.oem4f (.text:xdc_runtime_Startup_getState__I)
                  00011008    00000058     icall.obj (.text:ICall_wait)
                  00011060    00000058     nvoctp.obj (.text:NVOCTP_doNVCRC$7)
                  000110b8    00000058     drivers_cc26x2.aem4f : PowerCC26X2_calibrateRCOSC.oem4f (.text:PowerCC26X2_initiateCalibration)
                  00011110    00000058     project_zero.obj (.text:ProjectZero_enqueueMsg$0)
                  00011168    00000058     boot.aem4f : boot.oem4f (.text)
                  000111c0    00000058     drivers_cc26x2.aem4f : NVSSPI25X.oem4f (.text:extFlashWaitReady)
                  00011218    00000058     ble5_project_zero_cc26x2r1lp_stack_library.lib : gapbondmgr.obj (.text:gapBondMgr_UpdateCharCfg$31)
                  00011270    00000058                                                    : osal_cbtimer.obj (.text:osal_CbTimerStop)
                  000112c8    00000056     rf_multiMode_cc26x2.aem4f : RFCC26X2_multiMode.oem4f (.text:RF_ratGenerateChCmd)
                  0001131e    00000056     ble5_project_zero_cc26x2r1lp_stack_library.lib : gapbondmgr.obj (.text:gapBondMgrChangeState$31)
                  00011374    00000056                                                    : gapbondmgr.obj (.text:gapBondMgrSetStateFlagFromConnhandle$31)
                  000113ca    00000002     ble_release_pem4f.oem4f (.text:ti_sysbios_BIOS_nullFunc__I)
                  000113cc    00000054     drivers_cc26x2.aem4f : NVSCC26XX.oem4f (.text:NVSCC26XX_init)
                  00011420    00000054     ble5_project_zero_cc26x2r1lp_stack_library.lib : gapbondmgr.obj (.text:gapBondStateDoGATTDisc$31)
                  00011474    00000054     profiles_pxxx_coc.a : gattservapp.o (.text)
                  000114c8    00000052     rf_multiMode_cc26x2.aem4f : RFCC26X2_multiMode.oem4f (.text:RF_defaultSubmitPolicy)
                  0001151a    00000002     rom_sysbios.aem4f : rom_sysbios.obj (.text:ti_sysbios_heaps_HeapCallback_defaultDelete)
                  0001151c    00000050     button_service.obj (.text:Button_Service_findCharParamId$2)
                  0001156c    00000050     dpl_cc26x2.aem4f : ClockP_tirtos.oem4f (.text:ClockP_construct)
                  000115bc    00000050     data_service.obj (.text:Data_Service_findCharParamId$3)
                  0001160c    00000050     led_service.obj (.text:LED_Service_findCharParamId$4)
                  0001165c    00000050     driverlib.lib : chipinfo.obj (.text:NOROM_ChipInfo_GetChipType)
                  000116ac    00000050     nvoctp.obj (.text:NVOCTP_findOffset$7)
                  000116fc    00000050     rf_multiMode_cc26x2.aem4f : RFCC26X2_multiMode.oem4f (.text:RF_wakeupNotification)
                  0001174c    00000050     drivers_cc26x2.aem4f : SPICC26X2DMA.oem4f (.text:SPICC26X2DMA_close)
                  0001179c    00000050                          : TRNGCC26XX.oem4f (.text:TRNGCC26XX_waitForResult)
                  000117ec    00000050                          : NVSSPI25X.oem4f (.text:extFlashSpiWrite)
                  0001183c    00000050     ll_pxxx.a : ll_scheduler.o (.text)
                  0001188c    00000050               : ll_scheduler.o (.text)
                  000118dc    00000050     oad.obj (.text:oadEnqueueMsg$15)
                  0001192c    0000004c     icall.obj (.text:ICall_newTask$8)
                  00011978    0000004c     nvoctp.obj (.text:NVOCTP_write$7)
                  000119c4    0000004c     rf_multiMode_cc26x2.aem4f : RFCC26X2_multiMode.oem4f (.text:RF_ratRestartChannels)
                  00011a10    0000004c     drivers_cc26x2.aem4f : TRNGCC26XX.oem4f (.text:TRNG_init)
                  00011a5c    0000004c                          : UARTCC26XX.oem4f (.text:UARTCC26XX_readCancel)
                  00011aa8    0000004c                          : UDMACC26XX.oem4f (.text:UDMACC26XX_open)
                  00011af4    0000004c     util.obj (.text:Util_constructClock)
                  00011b40    0000004c     rtsv7M4_T_le_v4SPD16_eabi.lib : cpy_tbl.c.obj (.text:copy_in)
                  00011b8c    0000004c     ble5_project_zero_cc26x2r1lp_stack_library.lib : gapbondmgr.obj (.text:gapBondMgrReadBonds$31)
                  00011bd8    0000004c                                                    : osal_bufmgr.obj (.text:osal_bm_free)
                  00011c24    0000004c     profiles_pxxx_coc.a : gattservapp.o (.text)
                  00011c70    0000004c     drivers_cc26x2.aem4f : UARTCC26XX.oem4f (.text:startTxFifoEmptyClk)
                  00011cbc    0000004a                          : TRNGCC26XX.oem4f (.text:TRNGCC26XX_copyEntropy)
                  00011d06    00000002     rom_sysbios.aem4f : rom_sysbios.obj (.text:xdc_runtime_SysCallback_defaultAbort)
                  00011d08    00000048     CC26X2R1_LAUNCHXL_fxns.obj (.text:CC26X2R1_LAUNCHXL_wakeUpExtFlash)
                  00011d50    00000048     drivers_cc26x2.aem4f : ECDHCC26X2.oem4f (.text:ECDHCC26X2_convertReturnValue)
                  00011d98    00000048     driverlib.lib : rfc.obj (.text:NOROM_RFCSynthPowerDown)
                  00011de0    00000048     drivers_cc26x2.aem4f : NVSSPI25X.oem4f (.text:NVSSPI25X_read)
                  00011e28    00000048                          : NVS.oem4f (.text:NVS_open)
                  00011e70    00000048                          : PINCC26XX.oem4f (.text:PIN_setOutputEnable)
                  00011eb8    00000048                          : PowerCC26X2_calibrateRCOSC.oem4f (.text:PowerCC26X2_RCOSC_clockFunc)
                  00011f00    00000048                          : PowerCC26X2.oem4f (.text:PowerCC26XX_switchXOSC_HF)
                  00011f48    00000048     project_zero.obj (.text:ProjectZero_clearConnListEntry$0)
                  00011f90    00000048     drivers_cc26x2.aem4f : NVSCC26XX.oem4f (.text:disableFlashCache)
                  00011fd8    00000048                          : NVSSPI25X.oem4f (.text:extFlashMassErase)
                  00012020    00000048     ble5_project_zero_cc26x2r1lp_stack_library.lib : gapbondmgr.obj (.text:gapBondMgrUpdateLruBondList$31)
                  00012068    00000048                                                    : gapbondmgr.obj (.text:gapBondMgr_ReadGattChar$31)
                  000120b0    00000048                                                    : gapbondmgr.obj (.text:gapBondStateStartNextGATTDisc$31)
                  000120f8    00000048                                                    : osal_timers.obj (.text:osalAddTimer)
                  00012140    00000048     rtsv7M4_T_le_v4SPD16_eabi.lib : fd_toi_t2.asm.obj (.text)
                  00012188    00000048     drivers_cc26x2.aem4f : PowerCC26X2.oem4f (.text:switchXOSCHF)
                  000121d0    00000048                          : UARTCC26XX.oem4f (.text:writeFinishedDoCallback)
                  00012218    00000046                          : RingBuf.oem4f (.text:RingBuf_put)
                  0001225e    00000002     rom_sysbios.aem4f : rom_sysbios.obj (.text:xdc_runtime_SysCallback_defaultExit)
                  00012260    00000044     drivers_cc26x2.aem4f : ECDHCC26X2.oem4f (.text:ECDHCC26X2_waitForResult)
                  000122a4    00000044     ble5_project_zero_cc26x2r1lp_stack_library.lib : gapbondmgr.obj (.text:GAPBondMgr_Pair)
                  000122e8    00000044     driverlib.lib : chipinfo.obj (.text:NOROM_ChipInfo_GetHwRevision)
                  0001232c    00000044     nvoctp.obj (.text:NVOCTP_setPageActive$7)
                  00012370    00000044     drivers_cc26x2.aem4f : NVSCC26XX.oem4f (.text:NVSCC26XX_read)
                  000123b4    00000044                          : PINCC26XX.oem4f (.text:PIN_swi)
                  000123f8    00000044     rf_multiMode_cc26x2.aem4f : RFCC26X2_multiMode.oem4f (.text:RF_cmdGet)
                  0001243c    00000044                               : RFCC26X2_multiMode.oem4f (.text:RF_cmdStoreEvents)
                  00012480    00000044     drivers_cc26x2.aem4f : SPI.oem4f (.text:SPI_init)
                  000124c4    00000044                          : UART.oem4f (.text:UART_init)
                  00012508    00000044     oad.obj (.text:oadValidateCandidateHdr$15)
                  0001254c    00000044     ble5_project_zero_cc26x2r1lp_stack_library.lib : osal_timers.obj (.text:osal_start_timerEx)
                  00012590    00000044     rtsv7M4_T_le_v4SPD16_eabi.lib : fd_tou_t2.asm.obj (.text)
                  000125d4    00000042     drivers_cc26x2.aem4f : SPICC26X2DMA.oem4f (.text:SPICC26X2DMA_swiFxn)
                  00012616    00000002     rom_sysbios.aem4f : rom_sysbios.obj (.text:xdc_runtime_SysCallback_defaultFlush)
                  00012618    00000040     nvoctp.obj (.text:NVOCTP_compactNvApi$7)
                  00012658    00000040     drivers_cc26x2.aem4f : PowerCC26X2.oem4f (.text:PowerCC26XX_isStableXOSC_HF)
                  00012698    00000040     project_zero.obj (.text:ProjectZero_createTask)
                  000126d8    00000040     drivers_cc26x2.aem4f : RingBuf.oem4f (.text:RingBuf_get)
                  00012718    00000040                          : SPI.oem4f (.text:SPI_open)
                  00012758    00000040                          : UART.oem4f (.text:UART_open)
                  00012798    00000040     ll_pxxx.a : ll_scheduler.o (.text)
                  000127d8    00000040     oad.obj (.text:oadCheckFactoryImage$15)
                  00012818    00000040     profiles_pxxx_coc.a : gattservapp.o (.text)
                  00012858    00000040     rtsv7M4_T_le_v4SPD16_eabi.lib : u_divt2.asm.obj (.text)
                  00012898    00000040     rom_sysbios.aem4f : rom_sysbios.obj (.text:ti_sysbios_family_arm_cc26xx_Timer_setThreshold__I)
                  000128d8    00000040                       : rom_sysbios.obj (.text:ti_sysbios_heaps_HeapCallback_Module_startup__E)
                  00012918    0000003e     dpl_cc26x2.aem4f : HwiP_tirtos.oem4f (.text:HwiP_construct)
                  00012956    0000003e     rf_multiMode_cc26x2.aem4f : RFCC26X2_multiMode.oem4f (.text:RF_calculateDispatchTime)
                  00012994    0000003c     drivers_cc26x2.aem4f : PINCC26XX.oem4f (.text:PIN_setInterrupt)
                  000129d0    0000003c                          : PINCC26XX.oem4f (.text:PIN_setOutputValue)
                  00012a0c    0000003c     dpl_cc26x2.aem4f : SwiP_tirtos.oem4f (.text:SwiP_construct)
                  00012a48    0000003c     drivers_cc26x2.aem4f : NVSCC26XX.oem4f (.text:checkEraseRange)
                  00012a84    0000003c     ble5_project_zero_cc26x2r1lp_stack_library.lib : gapbondmgr.obj (.text:gapBondMgr_SupportsCentAddrRes$31)
                  00012ac0    0000003c     hci_tl_none.a : hci_tl.o (.text)
                  00012afc    0000003c     ll_pxxx.a : ll_scheduler.o (.text)
                  00012b38    0000003c     ble5_project_zero_cc26x2r1lp_stack_library.lib : osal_bufmgr.obj (.text:osal_bm_alloc)
                  00012b74    0000003c                                                    : osal_timers.obj (.text:osal_start_reload_timer)
                  00012bb0    0000003c     profiles_pxxx_coc.a : gattservapp.o (.text)
                  00012bec    0000003c                         : gattservapp.o (.text)
                  00012c28    0000003c     rom_sysbios.aem4f : rom_sysbios.obj (.text:ti_sysbios_family_arm_m3_Hwi_construct2__E)
                  00012c64    0000003a     drivers_cc26x2.aem4f : NVSSPI25X.oem4f (.text:checkEraseRange)
                  00012c9e    0000003a     oad.obj (.text:oadEraseExtFlashPages$15)
                  00012cd8    00000038     driverlib.lib : osc.obj (.text:NOROM_OSC_HPOSCRelativeFrequencyOffsetGet)
                  00012d10    00000038     nvoctp.obj (.text:NVOCTP_erase$7)
                  00012d48    00000038     oad.obj (.text:OAD_getSWVersion)
                  00012d80    00000038     drivers_cc26x2.aem4f : PINCC26XX.oem4f (.text:PIN_setConfig)
                  00012db8    00000038     ble5_project_zero_cc26x2r1lp_stack_library.lib : osal_bufmgr.obj (.text:bm_desc_from_payload$33)
                  00012df0    00000038     ll_pxxx.a : ll.o (.text)
                  00012e28    00000038               : ll_common.o (.text)
                  00012e60    00000038               : ll_scheduler.o (.text)
                  00012e98    00000038     drivers_cc26x2.aem4f : PowerCC26X2.oem4f (.text:notify)
                  00012ed0    00000038     ble5_project_zero_cc26x2r1lp_stack_library.lib : osal.obj (.text:osal_alien2proxy)
                  00012f08    00000038                                                    : osal.obj (.text:osal_msec_timer_cback$32)
                  00012f40    00000038                                                    : osal_timers.obj (.text:osal_stop_timerEx)
                  00012f78    00000038     drivers_cc26x2.aem4f : UARTCC26XX.oem4f (.text:readData)
                  00012fb0    00000038     rom_sysbios.aem4f : rom_sysbios.obj (.text:ti_sysbios_family_arm_cc26xx_Timer_getCurrentTick__E)
                  00012fe8    00000038     drivers_cc26x2.aem4f : UARTCC26XX.oem4f (.text:writeData)
                  00013020    00000036                          : UDMACC26XX.oem4f (.text:UDMACC26XX_close)
                  00013056    00000036     rom_sysbios.aem4f : rom_sysbios.obj (.text:ti_sysbios_family_arm_cc26xx_Timer_setNextTick__E)
                  0001308c    00000034     gattservapp_util.obj (.text:GATTServApp_InitCharCfg)
                  000130c0    00000034     icall.obj (.text:ICall_heapFree)
                  000130f4    00000034     icall.obj (.text:ICall_searchServiceEntity)
                  00013128    00000034     driverlib.lib : sys_ctrl.obj (.text:NOROM_SysCtrlIdle)
                  0001315c    00000034     nvoctp.obj (.text:NVOCTP_setItemInactive$7)
                  00013190    00000034     drivers_cc26x2.aem4f : NVSSPI25X.oem4f (.text:NVSSPI25X_init)
                  000131c4    00000034                          : PowerCC26X2.oem4f (.text:Power_releaseConstraint)
                  000131f8    00000034                          : PowerCC26X2.oem4f (.text:Power_setConstraint)
                  0001322c    00000034     rf_multiMode_cc26x2.aem4f : RFCC26X2_multiMode.oem4f (.text:RF_cacheFsCmd)
                  00013260    00000034                               : RFCC26X2_multiMode.oem4f (.text:RF_checkCmdFsError)
                  00013294    00000034                               : RFCC26X2_multiMode.oem4f (.text:RF_powerConstraintRelease)
                  000132c8    00000034                               : RFCC26X2_multiMode.oem4f (.text:RF_ratGenerateIoCmd)
                  000132fc    00000034                               : RFCC26X2_multiMode.oem4f (.text:RF_runDirectImmediateCmd)
                  00013330    00000034     drivers_cc26x2.aem4f : NVSSPI25X.oem4f (.text:extFlashPowerStandby)
                  00013364    00000034                          : NVSSPI25X.oem4f (.text:extFlashWriteEnable)
                  00013398    00000034     ble5_project_zero_cc26x2r1lp_stack_library.lib : gapbondmgr.obj (.text:gapBondStateEnd$31)
                  000133cc    00000034     hci_tl_none.a : hci_tl.o (.text)
                  00013400    00000034     ll_pxxx.a : ll_scheduler.o (.text)
                  00013434    00000034     ble5_project_zero_cc26x2r1lp_stack_library.lib : osal.obj (.text:osal_clear_event)
                  00013468    00000034     drivers_cc26x2.aem4f : UARTCC26XX.oem4f (.text:readData2RingBuf)
                  0001349c    00000034     rom_sysbios.aem4f : rom_sysbios.obj (.text:ti_sysbios_knl_Swi_setPri__E)
                  000134d0    00000032                       : rom_sysbios.obj (.text:ti_sysbios_gates_GateMutexPri_insertPri__I)
                  00013502    00000002                       : rom_sysbios.obj (.text:xdc_runtime_SysCallback_defaultPutch)
                  00013504    00000030     ble5_project_zero_cc26x2r1lp_stack_library.lib : gapbondmgr.obj (.text:GAPBondMgr_PasscodeRsp)
                  00013534    00000030     drivers_cc26x2.aem4f : GPIOCC26XX.oem4f (.text:GPIO_hwiIntFxn)
                  00013564    00000030                          : GPIOCC26XX.oem4f (.text:GPIO_setCallback)
                  00013594    00000030     icall.obj (.text:ICall_dispatch$8)
                  000135c4    00000030     icall.obj (.text:ICall_msecs2Ticks$8)
                  000135f4    00000030     icall.obj (.text:ICall_primEntityId2ServiceId$8)
                  00013624    00000030     icall.obj (.text:ICall_searchTask$8)
                  00013654    00000030     drivers_cc26x2.aem4f : NVSCC26XX.oem4f (.text:NVSCC26XX_erase)
                  00013684    00000030                          : NVSSPI25X.oem4f (.text:NVSSPI25X_erase)
                  000136b4    00000030                          : PINCC26XX.oem4f (.text:PINCC26XX_setMux)
                  000136e4    00000030     rf_multiMode_cc26x2.aem4f : RFCC26X2_multiMode.oem4f (.text:RF_extractPaConfiguration)
                  00013714    00000030     ble5_project_zero_cc26x2r1lp_stack_library.lib : gapbondmgr.obj (.text:gapBondMgr_SyncWhiteList$31)
                  00013744    00000030     ll_pxxx.a : ll_scheduler.o (.text)
                  00013774    00000030     oad.obj (.text:oadInactivityTimeout$15)
                  000137a4    00000030     ble5_project_zero_cc26x2r1lp_stack_library.lib : osal_timers.obj (.text:osal_get_timeoutEx)
                  000137d4    00000030                                                    : osal_snv_wrapper.obj (.text:osal_snv_read)
                  00013804    00000030     ble_release_pem4f.oem4f (.text:ti_sysbios_BIOS_atExitFunc__I)
                  00013834    00000030     ble_release_pem4f.oem4f (.text:ti_sysbios_BIOS_startFunc__I)
                  00013864    00000030     rom_sysbios.aem4f : rom_sysbios.obj (.text:ti_sysbios_family_arm_cc26xx_Timer_initDevice__I)
                  00013894    00000030     ble_release_pem4f.oem4f (.text:ti_sysbios_gates_GateMutexPri_Object__create__S)
                  000138c4    00000030     ble_release_pem4f.oem4f (.text:ti_sysbios_gates_GateMutexPri_create)
                  000138f4    00000030     ble_release_pem4f.oem4f (.text:ti_sysbios_heaps_HeapCallback_Object__create__S)
                  00013924    0000002e     icall_cc2650.obj (.text:ICallPlatform_pwrDispenseImpl$9)
                  00013952    0000002e     icall_cc2650.obj (.text:ICallPlatform_pwrRequireImpl$9)
                  00013980    0000002e     project_zero.obj (.text:ProjectZero_passcodeCb$0)
                  000139ae    0000002e     ble5_project_zero_cc26x2r1lp_stack_library.lib : osal.obj (.text:osal_build_uint32)
                  000139dc    0000002e     profiles_pxxx_coc.a : gattservapp.o (.text)
                  00013a0a    0000002e                         : gattservapp.o (.text)
                  00013a38    0000002c     icall.obj (.text:ICall_getLocalMsgEntityId)
                  00013a64    0000002c     icall.obj (.text:ICall_msgEnqueue$8)
                  00013a90    0000002c     drivers_cc26x2.aem4f : NVSSPI25X.oem4f (.text:NVSSPI25X_control)
                  00013abc    0000002c                          : NVS.oem4f (.text:NVS_init)
                  00013ae8    0000002c     rf_multiMode_cc26x2.aem4f : RFCC26X2_multiMode.oem4f (.text:RF_calculateDeltaTimeUs)
                  00013b14    0000002c                               : RFCC26X2_multiMode.oem4f (.text:RF_executeDirectImmediateCmd)
                  00013b40    0000002c                               : RFCC26X2_multiMode.oem4f (.text:RF_ratReleaseChannels)
                  00013b6c    0000002c                               : RFCC26X2_multiMode.oem4f (.text:RF_searchAndReplacePAOverride)
                  00013b98    0000002c     dpl_cc26x2.aem4f : SemaphoreP_tirtos.oem4f (.text:SemaphoreP_constructBinary)
                  00013bc4    0000002c                      : SemaphoreP_tirtos.oem4f (.text:SemaphoreP_createBinary)
                  00013bf0    0000002c     ble5_project_zero_cc26x2r1lp_stack_library.lib : ble_dispatch_lite.obj (.text:bleDispatch_BMAlloc)
                  00013c1c    0000002c     drivers_cc26x2.aem4f : NVSSPI25X.oem4f (.text:extFlashPowerDown)
                  00013c48    0000002c                          : NVSSPI25X.oem4f (.text:extFlashSpiRead)
                  00013c74    0000002c     flash_interface_ext_rtos_NVS.obj (.text:flash_open)
                  00013ca0    0000002c     gatt_pxxx_coc.a : gatt_task.o (.text)
                  00013ccc    0000002c     oad.obj (.text:oadGetNextBlockReq$15)
                  00013cf8    0000002c     profiles_pxxx_coc.a : gattservapp.o (.text)
                  00013d24    0000002c     rom_sysbios.aem4f : rom_sysbios.obj (.text:ti_sysbios_knl_Clock_getTicksUntilInterrupt__E)
                  00013d50    0000002a     drivers_cc26x2.aem4f : List.oem4f (.text:List_insert)
                  00013d7a    0000002a     nvoctp.obj (.text:NVOCTP_verifyCRC$7)
                  00013da4    0000002a     project_zero.obj (.text:ProjectZero_pairStateCb$0)
                  00013dce    0000002a     rf_multiMode_cc26x2.aem4f : RFCC26X2_multiMode.oem4f (.text:RF_ratSuspendChannels)
                  00013df8    0000002a     rom_sysbios.aem4f : rom_sysbios.obj (.text:ti_sysbios_knl_Clock_getTimeout__E)
                  00013e22    00000002     --HOLE-- [fill = 0]
                  00013e24    00000028     drivers_cc26x2.aem4f : AESECBCC26XX.oem4f (.text:AESECB_cleanup)
                  00013e4c    00000028     driverlib.lib : osc.obj (.text:NOROM_OSCHF_TurnOnXosc)
                  00013e74    00000028                   : rfc.obj (.text:NOROM_RFCOverrideSearch)
                  00013e9c    00000028     drivers_cc26x2.aem4f : PowerCC26X2.oem4f (.text:Power_registerNotify)
                  00013ec4    00000028     rf_multiMode_cc26x2.aem4f : RFCC26X2_multiMode.oem4f (.text:RF_cmdAlloc)
                  00013eec    00000028                               : RFCC26X2_multiMode.oem4f (.text:RF_runScheduleCmd)
                  00013f14    00000028     drivers_cc26x2.aem4f : SPICC26X2DMA.oem4f (.text:flushFifos)
                  00013f3c    00000028     ble5_project_zero_cc26x2r1lp_stack_library.lib : osal_bufmgr.obj (.text:osal_bm_adjust_header)
                  00013f64    00000028                                                    : osal_timers.obj (.text:osal_next_timeout)
                  00013f8c    00000028                                                    : osal_snv_wrapper.obj (.text:osal_snv_write)
                  00013fb4    00000028     drivers_cc26x2.aem4f : PowerCC26X2.oem4f (.text:oscillatorISR)
                  00013fdc    00000028     profiles_pxxx_coc.a : gattservapp.o (.text)
                  00014004    00000028     drivers_cc26x2.aem4f : NVSCC26XX.oem4f (.text:restoreFlashCache)
                  0001402c    00000028     flash_interface_ext_rtos_NVS.obj (.text:writeFlash)
                  00014054    00000028     flash_interface_ext_rtos_NVS.obj (.text:writeFlashPg)
                  0001407c    00000026     drivers_cc26x2.aem4f : List.oem4f (.text:List_put)
                  000140a2    00000026                          : List.oem4f (.text:List_putHead)
                  000140c8    00000026                          : List.oem4f (.text:List_remove)
                  000140ee    00000026     project_zero.obj (.text:ProjectZero_advCallback$0)
                  00014114    00000024     driverlib.lib : rfc.obj (.text:NOROM_RFCDoorbellSendTo)
                  00014138    00000024     rf_multiMode_cc26x2.aem4f : RFCC26X2_multiMode.oem4f (.text:RF_clkPowerUp)
                  0001415c    00000024                               : RFCC26X2_multiMode.oem4f (.text:RF_invokeGlobalCallback)
                  00014180    00000024                               : RFCC26X2_multiMode.oem4f (.text:RF_isStateTransitionAllowed)
                  000141a4    00000024     flash_interface_ext_rtos_NVS.obj (.text:eraseFlashPg)
                  000141c8    00000024     ble5_project_zero_cc26x2r1lp_stack_library.lib : gapbondmgr.obj (.text:gapBondGetStateFromConnHandle$31)
                  000141ec    00000024                                                    : gapbondmgr.obj (.text:gapBondMgr_isDevicePrivacyModeSupported$31)
                  00014210    00000024     gatt_pxxx_coc.a : gatt_server.o (.text)
                  00014234    00000024     drivers_cc26x2.aem4f : PowerCC26X2_calibrateRCOSC.oem4f (.text:getTdcSemaphore)
                  00014258    00000024     rtsv7M4_T_le_v4SPD16_eabi.lib : memcmp.c.obj (.text:memcmp)
                  0001427c    00000024     ble5_project_zero_cc26x2r1lp_stack_library.lib : osal.obj (.text:osal_msg_allocate)
                  000142a0    00000024                                                    : osal.obj (.text:osal_service_entry)
                  000142c4    00000024     profiles_pxxx_coc.a : gapgattserver.o (.text)
                  000142e8    00000024                         : gattservapp.o (.text)
                  0001430c    00000024     ble_release_pem4f.oem4f (.text:ti_sysbios_BIOS_registerRTSLock__I)
                  00014330    00000024     ble_release_pem4f.oem4f (.text:ti_sysbios_BIOS_removeRTSLock__I)
                  00014354    00000024     rom_sysbios.aem4f : rom_sysbios.obj (.text:ti_sysbios_family_arm_cc26xx_Timer_getMaxTicks__E)
                  00014378    00000024                       : rom_sysbios.obj (.text:ti_sysbios_family_arm_m3_Hwi_romInitNVIC__I)
                  0001439c    00000024     ble_release_pem4f.oem4f (.text:ti_sysbios_gates_GateMutexPri_Object__delete__S)
                  000143c0    00000024     ble_release_pem4f.oem4f (.text:ti_sysbios_heaps_HeapCallback_Object__delete__S)
                  000143e4    00000022     icall.obj (.text:ICall_setTimerMSecs)
                  00014406    00000022     drivers_cc26x2.aem4f : List.oem4f (.text:List_get)
                  00014428    00000022     project_zero.obj (.text:ProjectZero_paramUpdClockHandler$0)
                  0001444a    00000022     rf_multiMode_cc26x2.aem4f : RFCC26X2_multiMode.oem4f (.text:RF_getPAOverrideOffsetAndValue)
                  0001446c    00000022                               : RFCC26X2_multiMode.oem4f (.text:RF_isRadioSetup)
[...]
20000f2c  trngDrvTblPtr                                                   
20000f30  rtosApiTblPtr                                                   
20000f34  activeConns                                                     
20000f38  SysBootMsg                                                      
20000f3c  sclkSrc                                                         
20000f40  pRfPathComp                                                     
20000f44  dtmInfo                                                         
20000f48  taskEndAction                                                   
20000f4c  advSetList                                                      
20000f50  extScanInfo                                                     
20000f54  extInitInfo                                                     
20000f58  ecdhHandle                                                      
20000f5c  operationResult                                                 
20000f60  encHandleCCM                                                    
20000f64  encHandleECB                                                    
20000f68  resolvingList                                                   
20000f6c  wlTable                                                         
20000f70  wlTableScan                                                     
20000f74  pPairingParams                                                  
20000f78  pfnResponderCBs                                                 
20000f7c  pfnInitiatorCBs                                                 
20000f80  pSmResponderCBs                                                 
20000f84  attrLen                                                         
20000f86  numHostBufs                                                     
20000f88  rfCmdHandle                                                     
20000f8a  connInitialMaxTxOctets                                          
20000f8c  connInitialMaxTxTime                                            
20000f8e  connInitialMaxTxTimeUncoded                                     
20000f90  connInitialMaxTxTimeCoded                                       
20000f92  supportedMaxTxOctets                                            
20000f94  supportedMaxTxTime                                              
20000f96  supportedMaxRxOctets                                            
20000f98  supportedMaxRxTime                                              
20000f9a  taskEndStatus                                                   
20000f9c  postRfOperations                                                
20000f9e  buildInfo                                                       
20000fa0  rfCfgAdiVal                                                     
20000fa4  att_sendRspOnly                                                 
20000fa5  advCount                                                        
20000fa6  updateState                                                     
20000fa7  advInit                                                         
20000fa8  gapProfileRole                                                  
20000fa9  gapDeviceAddrMode                                               
20000faa  gapState                                                        
20000fab  terminateReason                                                 
20000fac  gapScanMaxNumReport                                             
20000fad  gapScanEndReason                                                
20000fae  gapScanPackedAdvRptSize                                         
20000faf  fltPduTypeWanted                                                
20000fb0  fltPduTypeMask                                                  
20000fb1  gapTaskID                                                       
20000fb2  gattNumConns                                                    
20000fb3  gattTaskID                                                      
20000fb4  GATTServApp_TaskID                                              
20000fb5  maxNumPrepareWrites                                             
20000fb6  hciPTMenabled                                                   
20000fb7  ctrlToHostEnable                                                
20000fb8  l2capFlowCtrlMode                                               
20000fb9  l2capTaskID                                                     
20000fba  l2capNumChannels                                                
20000fbb  l2capNumDataPkts                                                
20000fbc  l2capNumPSM                                                     
20000fbd  l2capNumCoChannels                                              
20000fbe  l2cap_gattServAppTaskID                                         
20000fbf  l2capId                                                         
20000fc1  linkDBNumConns                                                  
20000fc2  linkDB_secureConnectionOnlyMode                                 
20000fc3  maxPduSize                                                      
20000fc4  rfFeModeBias                                                    
20000fc5  defaultPhy                                                      
20000fc6  maxNumTxDataBufs                                                
20000fc7  LL_TaskID                                                       
20000fc8  llState                                                         
20000fc9  rssiCorrection                                                  
20000fca  curTxPowerVal                                                   
20000fcb  maxTxPwrForDTM                                                  
20000fcc  onePktPerEvt                                                    
20000fcd  numComplPkts                                                    
20000fce  numComplPktsLimit                                               
20000fcf  numComplPktsFlush                                               
20000fd0  fastTxRespTime                                                  
20000fd1  slOverride                                                      
20000fd2  rxFifoFlowCtrl                                                  
20000fd3  numTxDataBufs                                                   
20000fd4  maxNumConns                                                     
20000fd5  aeCurHandle                                                     
20000fd6  aeCurAdvEnableHandle                                            
20000fd7  aeCurConnHandle                                                 
20000fd8  extScanIndex                                                    
20000fd9  extInitIndex                                                    
20000fda  scanState                                                       
20000fdb  lastPrimPhy                                                     
20000fdc  lastScanRsp                                                     
20000fdd  smTaskID                                                        
20000fde  SM_appExpectingKey                                              
20001b20  ramStartHere                                                    
20001ba4  ledPinTable                                                     
20001bb0  buttonPinTable                                                  
20001ccc  pzTask                                                          
20001d80  appTaskStack                                                    
20002580  uartLog_tail                                                    
20002581  uartLog_head                                                    
20002582  uartLog_evBufIsEmpty                                            
20002584  uartLog_evtNum                                                  
2000258c  uartLog_outBuf                                                  
20002638  uartLog_evBuf                                                   
20002b4a  metaPage                                                        
20002ee0  ROM_stateStruct                                                 
20002ee0  ti_sysbios_knl_Clock_Module__state__V                           
20002f0c  ti_sysbios_family_arm_cc26xx_TimestampProvider_Module__state__V 
20002f10  xdc_runtime_Startup_Module__state__V                            
20002f18  xdc_runtime_Registry_Module__state__V                           
20002f20  ti_sysbios_BIOS_Module__state__V                                
20002f44  ti_sysbios_knl_Swi_Module__state__V                             
20002f60  ti_sysbios_knl_Task_Module__state__V                            
20002fa4  xdc_runtime_Memory_Module__state__V                             
20002fa8  xdc_runtime_System_Module__state__V                             
20002fb0  ti_sysbios_family_arm_m3_Hwi_Module__state__V                   
20002fe4  ti_sysbios_family_arm_cc26xx_Timer_Module__state__V             
20002ff9  gapBond_removeLRUBond                                           
20002ffa  gapBond_syncRL                                                  
20003004  gapBondStateNodeHead                                            
20003016  gapBond_lruBondList                                             
200030ec  PowerCC26X2_module                                              
2000328c  ICall_enterCriticalSection                                      
20003290  ICall_leaveCriticalSection                                      
200032a0  heapmgrMemFreeTotal                                             
200032ac  HEAPMGR_SIZE                                                    
200032b0  ICall_dispatcher                                                
20003320  gapAttrTbl                                                      
20003434  baseTaskID                                                      
20003438  cbTimers                                                        
2000350c  llUserConfig                                                    
2000355c  ti_sysbios_knl_Task_Object__table__V                            
200035a8  ti_sysbios_family_arm_cc26xx_Timer_Object__table__V             
200035f0  gattAttrTbl                                                     
20003668  ti_sysbios_gates_GateMutex_Object__table__V                     
200036a0  gpioPinConfigs                                                  
200036d0  ti_sysbios_knl_Swi_Module_State_0_readyQ__A                     
20003700  ti_sysbios_knl_Swi_Object__table__V                             
20003730  ti_sysbios_knl_Task_Module_State_0_readyQ__A                    
20003761  osal_entity                                                     
20003768  osal_qHead                                                      
2000376c  osal_eventloop_hook                                             
20003770  osal_icallMsg_hook                                              
20003774  osal_syncHandle                                                 
20003778  osal_tickperiod                                                 
2000377c  osal_max_msecs                                                  
2000378c  nvintfFncStruct                                                 
200037b4  eccParams_NISTP256                                              
200037d4  ti_sysbios_knl_Clock_Object__table__V                           
200037f4  xdc_runtime_Error_IgnoreBlock                                   
2000382c  ti_sysbios_family_arm_m3_Hwi_Object__table__V                   
20003844  pOverridesCommon                                                
20003858  bleAppServiceInfoTable                                          
20003868  gpioCallbackFunctions                                           
20003878  pfnBMAlloc                                                      
2000387c  pfnBMFree                                                       
20003880  pRfErrCb                                                        
20003884  lastAppOpcodeIdxSent                                            
20003888  rfMode                                                          
20003898  sizeInfo                                                        
200038a8  pOverridesCoded                                                 
200038b8  user0Cfg                                                        
200038c8  pOverrides1Mbps                                                 
200038d4  pOverrides2Mbps                                                 
200038e0  ti_sysbios_heaps_HeapCallback_Object__table__V                  
20003900  assertSubcause                                                  
20003901  legacyMode                                                      
20003904  halAssertCback                                                  
2000390c  OSAL_timeSeconds                                                
20003910  _lock                                                           
20003914  _unlock                                                         
20003918  pinUpperBound                                                   
2000391c  pinLowerBound                                                   
20003920  periConnParameters                                              
20003928  ti_sysbios_family_arm_m3_Hwi_Module__root__V                    
20003930  ti_sysbios_gates_GateHwi_Module__root__V                        
20003938  ti_sysbios_gates_GateMutexPri_Module__root__V                   
20003940  ti_sysbios_gates_GateMutex_Module__root__V                      
20003948  ti_sysbios_hal_Hwi_Module__root__V                              
20003950  ti_sysbios_heaps_HeapCallback_Module__root__V                   
20003958  ti_sysbios_heaps_HeapMem_Module__root__V                        
20003960  ti_sysbios_knl_Clock_Module__root__V                            
20003968  ti_sysbios_knl_Event_Module__root__V                            
20003970  ti_sysbios_knl_Mailbox_Module__root__V                          
20003978  ti_sysbios_knl_Queue_Module__root__V                            
20003980  ti_sysbios_knl_Semaphore_Module__root__V                        
20003988  ti_sysbios_knl_Swi_Module__root__V                              
20003990  ti_sysbios_knl_Task_Module__root__V                             
20003998  appAssertCback                                                  
2000399c  bleUserCfg_maxPduSize                                           
200039a5  CryptoResourceCC26XX_pollingFlag                                
200039a8  gapAppTaskID                                                    
200039a9  gapEndAppTaskID                                                 
200039ac  pwrmgr_initialized                                              
200039ae  pwrmgr_attribute                                                
200039b0  icallServiceTblPtr                                              
200039bc  main_func_sp                                                    
200039c0  ti_sysbios_family_arm_m3_Hwi_Module_State_0_excContext__A       
200039c4  ti_sysbios_family_arm_m3_Hwi_Module_State_0_excStack__A         
200039c8  ti_sysbios_knl_Task_Module_State_0_idleTask__A                  
200039cc  PKAResourceCC26XX_pollingFlag                                   
200039d2  ti_sysbios_family_arm_m3_Hwi_Module_State_0_excActive__A        
200039d9  rfRatHandle                                                     
200039da  deviceNameCharProps                                             
200039db  appearanceCharProps                                             
200039dc  periConnParamCharProps                                          
200039dd  resolvablePrivateAddressOnlyCharProps                           
200039e0  ti_sysbios_knl_Task_Instance_State_0_stack__A                   
20003ce0  uartCC26XXObjects                                               
20004138  spiCC26X2DMAObjects                                             
200042e0  crcBuf                                                          
200043e0  ti_sysbios_family_arm_m3_Hwi_dispatchTable                      
200044b8  pinHandleTable                                                  
200045e0  uartCC26XXRingBuffer                                            
200046e4  nvFptrs                                                         
20004754  trngCC26XXObjects                                               
200047d8  ecdhCC26X2Objects                                               
200047f8  udmaObjects                                                     
200048f8  CryptoResourceCC26XX_accessSemaphore                            
20004914  CryptoResourceCC26XX_hwi                                        
20004930  CryptoResourceCC26XX_operationSemaphore                         
2000494c  PKAResourceCC26XX_accessSemaphore                               
20004968  PKAResourceCC26XX_hwi                                           
20004984  PKAResourceCC26XX_operationSemaphore                            
200049a0  deviceName                                                      
200049b8  aesccmCC26XXObjects                                             
200049d0  aesecbCC26XXObjects                                             
20004a48  timerHead                                                       
20004a4c  osal_last_timestamp                                             
20004a78  llTaskList                                                      
20004a84  nvsSPI25XObjects                                                
20004a9c  extStackSettings                                                
20004aa0  ggs_AppCBs                                                      
20004aa8  ClockP_tickPeriod                                               
20004aac  PowerCC26XX_swiKey                                              
20004ab0  PowerCC26XX_taskKey                                             
20004ab4  nvsCC26xxObjects                                                
20004ab8  tasksEvents                                                     
20004abc  appearance                                                      
20004abe  hciTaskID                                                       
20004abf  hciGapTaskID                                                    
20004ac0  hciTestTaskID                                                   
20004ac1  hciL2capTaskID                                                  
20004ac2  hciSmpTaskID                                                    
20004ac3  scanReqRpt                                                      
20004ac4  wlSize                                                          
20004ac5  rlSize                                                          
20004ac6  resolvablePrivateAddressOnly                                    
20004ac7  driverlib_release_0_54539                                       
20004ac8  icall_liteTaskId                                                
20004ac9  heapStart                                                       
20013c00  __stack                                                         
20013c00  heapEnd                                                         
20014000  __STACK_END                                                     
20014000  __STACK_TOP                                                     
e000e000  ti_sysbios_family_arm_m3_Hwi_nvic                               
ffffffff  __TI_pprof_out_hndl                                             
ffffffff  __TI_prof_data_size                                             
ffffffff  __TI_prof_data_start                                            
ffffffff  __binit__                                                       
ffffffff  __c_args__                                                      
ffffffff  binit                                                           
UNDEFED   SHT$$INIT_ARRAY$$Base                                           
UNDEFED   SHT$$INIT_ARRAY$$Limit                                          

[2821 symbols]
